// Jest Snapshot v1, https://goo.gl/fbAQLP

exports[`Pruebas en <GifItem/> Debe hacer match con el snapshot 1`] = `
<div>
  <div
    class="card"
  >
    <img
      alt="Titulo"
      src="https://www.link.com/snapacshotasdafdkm123213"
    />
    <p>
      Titulo
    </p>
  </div>
</div>
`;
